// Vitest Snapshot v1, https://vitest.dev/guide/snapshot.html

exports[`discoverScenes() > produces a stable id/size manifest 1`] = `
[
  {
    "height": 200,
    "id": "00-smoke/two-boxes",
    "width": 320,
  },
  {
    "height": 180,
    "id": "01-flex/align-center-end",
    "width": 320,
  },
  {
    "height": 160,
    "id": "01-flex/asymmetric-padding",
    "width": 320,
  },
  {
    "height": 240,
    "id": "01-flex/column-basic",
    "width": 200,
  },
  {
    "height": 140,
    "id": "01-flex/justify-center",
    "width": 320,
  },
  {
    "height": 140,
    "id": "01-flex/justify-end",
    "width": 320,
  },
  {
    "height": 160,
    "id": "01-flex/margin-spacing-border",
    "width": 320,
  },
  {
    "height": 220,
    "id": "01-flex/nested",
    "width": 320,
  },
  {
    "height": 160,
    "id": "01-flex/row-basic",
    "width": 320,
  },
  {
    "height": 140,
    "id": "01-flex/space-between",
    "width": 320,
  },
  {
    "height": 140,
    "id": "01-flex/space-evenly",
    "width": 320,
  },
  {
    "height": 80,
    "id": "02-sizing/fill-child",
    "width": 320,
  },
  {
    "height": 80,
    "id": "02-sizing/fill-two",
    "width": 320,
  },
  {
    "height": 80,
    "id": "02-sizing/grow-unequal",
    "width": 320,
  },
  {
    "height": 160,
    "id": "02-sizing/hug-column",
    "width": 320,
  },
  {
    "height": 120,
    "id": "02-sizing/hug-row",
    "width": 320,
  },
  {
    "height": 140,
    "id": "02-sizing/nested-mix",
    "width": 320,
  },
  {
    "height": 100,
    "id": "02-sizing/stretch-cross",
    "width": 320,
  },
  {
    "height": 120,
    "id": "03-flow/absolute-badge",
    "width": 320,
  },
  {
    "height": 180,
    "id": "03-flow/absolute-in-block",
    "width": 320,
  },
  {
    "height": 160,
    "id": "03-flow/block-center",
    "width": 320,
  },
  {
    "height": 220,
    "id": "03-flow/block-column",
    "width": 320,
  },
  {
    "height": 150,
    "id": "03-flow/block-hug",
    "width": 320,
  },
  {
    "height": 170,
    "id": "03-flow/block-stretch",
    "width": 320,
  },
  {
    "height": 300,
    "id": "03-flow/card-mock",
    "width": 280,
  },
  {
    "height": 220,
    "id": "04-wrap/column-reverse",
    "width": 200,
  },
  {
    "height": 160,
    "id": "04-wrap/grid-single-col",
    "width": 200,
  },
  {
    "height": 130,
    "id": "04-wrap/grid-uniform",
    "width": 320,
  },
  {
    "height": 80,
    "id": "04-wrap/row-reverse",
    "width": 320,
  },
  {
    "height": 110,
    "id": "04-wrap/wrap-rows",
    "width": 320,
  },
  {
    "height": 200,
    "id": "04-wrap/wrap-stretch-gap",
    "width": 320,
  },
  {
    "height": 240,
    "id": "05-exotic/dotted-borders",
    "width": 360,
  },
  {
    "height": 240,
    "id": "05-exotic/gradients-effects",
    "width": 360,
  },
  {
    "height": 240,
    "id": "05-exotic/rotated",
    "width": 360,
  },
  {
    "height": 240,
    "id": "05-exotic/text-in-box",
    "width": 360,
  },
  {
    "height": 240,
    "id": "05-exotic/weird-shapes",
    "width": 360,
  },
  {
    "height": 160,
    "id": "bg/bg-01-solid-color",
    "width": 240,
  },
  {
    "height": 160,
    "id": "bg/bg-02-linear-two-stop",
    "width": 240,
  },
  {
    "height": 160,
    "id": "bg/bg-03-linear-angle",
    "width": 240,
  },
  {
    "height": 160,
    "id": "bg/bg-06-radial",
    "width": 240,
  },
  {
    "height": 160,
    "id": "bg/bg-08-conic",
    "width": 240,
  },
  {
    "height": 160,
    "id": "bg/bg-09-repeating",
    "width": 240,
  },
  {
    "height": 160,
    "id": "bg/bg-15-clip-text",
    "width": 240,
  },
  {
    "height": 160,
    "id": "bord/bord-01-solid-uniform",
    "width": 240,
  },
  {
    "height": 160,
    "id": "bord/bord-02-per-side-width",
    "width": 240,
  },
  {
    "height": 160,
    "id": "bord/bord-03-per-side-color",
    "width": 240,
  },
  {
    "height": 160,
    "id": "bord/bord-04-per-side-style",
    "width": 240,
  },
  {
    "height": 160,
    "id": "bord/bord-05-dashed",
    "width": 240,
  },
  {
    "height": 160,
    "id": "bord/bord-06-dotted",
    "width": 240,
  },
  {
    "height": 160,
    "id": "bord/bord-07-double",
    "width": 240,
  },
  {
    "height": 160,
    "id": "bord/bord-08-ridge",
    "width": 240,
  },
  {
    "height": 160,
    "id": "bord/bord-09-dashed-radius",
    "width": 240,
  },
  {
    "height": 160,
    "id": "bord/bord-11-hairline",
    "width": 240,
  },
  {
    "height": 160,
    "id": "bord/bord-14-inline-element",
    "width": 240,
  },
  {
    "height": 160,
    "id": "bord/bord-15-transparent-border",
    "width": 240,
  },
  {
    "height": 160,
    "id": "bord/bord-16-outline-offset",
    "width": 240,
  },
  {
    "height": 160,
    "id": "box/box-01-box-sizing",
    "width": 300,
  },
  {
    "height": 160,
    "id": "clip/clip-01-overflow-hidden",
    "width": 240,
  },
  {
    "height": 160,
    "id": "col/col-01-rgba",
    "width": 240,
  },
  {
    "height": 180,
    "id": "fx/fx-01-box-shadow",
    "width": 240,
  },
  {
    "height": 180,
    "id": "fx/fx-04-shadow-spread",
    "width": 240,
  },
  {
    "height": 120,
    "id": "fx/fx-06-text-shadow",
    "width": 320,
  },
  {
    "height": 160,
    "id": "fx/fx-07-filter-blur",
    "width": 240,
  },
  {
    "height": 180,
    "id": "fx/fx-08-filter-drop-shadow",
    "width": 240,
  },
  {
    "height": 160,
    "id": "fx/fx-09-filter-colormatrix",
    "width": 260,
  },
  {
    "height": 160,
    "id": "fx/fx-10-backdrop-filter",
    "width": 240,
  },
  {
    "height": 160,
    "id": "fx/fx-12-opacity-vs-rgba",
    "width": 240,
  },
  {
    "height": 160,
    "id": "grid/grid-01-template-columns",
    "width": 240,
  },
  {
    "height": 160,
    "id": "img/img-01-raster",
    "width": 240,
  },
  {
    "height": 160,
    "id": "img/img-02-object-fit",
    "width": 240,
  },
  {
    "height": 160,
    "id": "pos/pos-03-z-index",
    "width": 240,
  },
  {
    "height": 160,
    "id": "rad/rad-01-uniform",
    "width": 240,
  },
  {
    "height": 160,
    "id": "rad/rad-02-per-corner",
    "width": 240,
  },
  {
    "height": 160,
    "id": "rad/rad-04-percent-circle",
    "width": 240,
  },
  {
    "height": 160,
    "id": "svg/svg-01-shapes",
    "width": 240,
  },
  {
    "height": 160,
    "id": "svg/svg-02-path-fill",
    "width": 240,
  },
  {
    "height": 160,
    "id": "xfrm/xfrm-02-scale",
    "width": 240,
  },
  {
    "height": 160,
    "id": "xfrm/xfrm-04-translate",
    "width": 240,
  },
]
`;
